❌ Prerequisite generation failed
Error: Command failed: python C:\Users\HP\OneDrive\Documents\GitHub\S28-AI-Tutor-SIH\Backend\python\prerequisites.py DSA_LinkedLists
Traceback (most recent call last):
  File "C:\Users\HP\OneDrive\Documents\GitHub\S28-AI-Tutor-SIH\Backend\python\prerequisites.py", line 7, in <module>
    from google import genai
ImportError: cannot import name 'genai' from 'google' (unknown location)

    at genericNodeError (node:internal/errors:985:15)
    at wrappedFn (node:internal/errors:539:14)
    at ChildProcess.exithandler (node:child_process:417:12)
    at ChildProcess.emit (node:events:508:28)
    at maybeClose (node:internal/child_process:1101:16)
    at ChildProcess._handle.onexit (node:internal/child_process:305:5) {
  code: 1,
  killed: false,
  signal: null,
  cmd: 'python C:\\Users\\HP\\OneDrive\\Documents\\GitHub\\S28-AI-Tutor-SIH\\Backend\\python\\prerequisites.py DSA_LinkedLists'
}
❌ Generate prerequisites error: Error: Traceback (most recent call last):
  File "C:\Users\HP\OneDrive\Documents\GitHub\S28-AI-Tutor-SIH\Backend\python\prerequisites.py", line 7, in <module>
    from google import genai
ImportError: cannot import name 'genai' from 'google' (unknown location)

    at C:\Users\HP\OneDrive\Documents\GitHub\S28-AI-Tutor-SIH\Backend\src\controllers\ingest.controller.js:603:29
    at ChildProcess.exithandler (node:child_process:424:5)
    at ChildProcess.emit (node:events:508:28)
    at maybeClose (node:internal/child_process:1101:16)
    at ChildProcess._handle.onexit (node:internal/child_process:305:5)
